../CMSIS/core_cm0.h:623:22:__NVIC_EnableIRQ	16	static,ignoring_inline_asm
../CMSIS/core_cm0.h:714:22:__NVIC_ClearPendingIRQ	16	static
../CMSIS/core_cm0.h:732:22:__NVIC_SetPriority	24	static
../Src/analog_out.c:14:6:set_blk_size	16	static
../Src/analog_out.c:19:6:dac_init	8	static
../Src/analog_out.c:37:6:tim6_init	8	static
../Src/analog_out.c:53:6:DMA1_Ch2_3_DMA2_Ch1_2_IRQHandler	8	static
../Src/analog_out.c:60:6:analog_out_init	16	static
../Src/analog_out.c:90:6:analog_out_start	8	static
../Src/analog_out.c:97:6:analog_out_stop	8	static
../Src/analog_out.c:104:5:tone_to_samples	40	static
