../CMSIS/core_cm0.h:623:22:__NVIC_EnableIRQ	16	static,ignoring_inline_asm
../CMSIS/core_cm0.h:714:22:__NVIC_ClearPendingIRQ	16	static
../CMSIS/core_cm0.h:732:22:__NVIC_SetPriority	24	static
../Src/usart.c:36:5:usart_init	8	static
../Src/usart.c:80:6:usart_test	80	static
../Src/usart.c:91:6:USART2_IRQHandler	24	static
../Src/usart.c:112:6:usart_transmit	24	static
../Src/usart.c:123:6:usart_receive_blocking	16	static
../Src/usart.c:134:9:usart_receive	8	static
../Src/usart.c:140:5:__io_putchar	24	static
../Src/usart.c:146:5:__io_getchar	16	static
