07:48:50 **** Incremental Build of configuration Debug for project uart-test ****
make -j12 all 
arm-none-eabi-gcc "../Core/Src/main.c" -mcpu=cortex-m0 -std=gnu11 -g3 -DDEBUG -DUSE_HAL_DRIVER -DSTM32F091xC -c -I../Core/Inc -I../Drivers/STM32F0xx_HAL_Driver/Inc -I../Drivers/STM32F0xx_HAL_Driver/Inc/Legacy -I../Drivers/CMSIS/Device/ST/STM32F0xx/Include -I../Drivers/CMSIS/Include -O0 -ffunction-sections -fdata-sections -Wall -fstack-usage -fcyclomatic-complexity -MMD -MP -MF"Core/Src/main.d" -MT"Core/Src/main.o" --specs=nano.specs -mfloat-abi=soft -mthumb -o "Core/Src/main.o"
arm-none-eabi-gcc -o "uart-test.elf" @"objects.list"   -mcpu=cortex-m0 -T"/home/matt/Documents/Education/Graduate/PrinciplesOfEmbeddedSoftware/PrinciplesOfEmbeddedSoftware/projects/uart-test/STM32F091RCTX_FLASH.ld" --specs=nosys.specs -Wl,-Map="uart-test.map" -Wl,--gc-sections -static --specs=nano.specs -mfloat-abi=soft -mthumb -Wl,--start-group -lc -lm -Wl,--end-group
Finished building target: uart-test.elf
 
arm-none-eabi-size  uart-test.elf 
arm-none-eabi-objdump -h -S uart-test.elf  > "uart-test.list"
   text	   data	    bss	    dec	    hex	filename
   8756	     12	   1708	  10476	   28ec	uart-test.elf
Finished building: default.size.stdout
 
Finished building: uart-test.list
 

07:48:51 Build Finished. 0 errors, 0 warnings. (took 503ms)

